// Jest Snapshot v1, https://goo.gl/fbAQLP

exports[`<Main /> should render movie names 1`] = `
Array [
  <div>
    FFantastic Beasts
  </div>,
  <div>
    BBohemian Rhapsody
  </div>,
  <div>
    MMacbeth
  </div>,
]
`;
